// Jest Snapshot v1, https://goo.gl/fbAQLP

exports[`AppUpper component should match the snapshot 1`] = `
ShallowWrapper {
  "complexSelector": ComplexSelector {
    "buildPredicate": [Function],
    "childrenOfNode": [Function],
    "findWhereUnwrapped": [Function],
  },
  "length": 1,
  "node": <div
    className="app-title-wrapper"
  >
    <h2
      className="app-title"
    >
      App Title
    </h2>
    <span
      className="cart-link"
      onClick={[Function]}
    >
      <ReactSVG
        className="cart-icon"
        evalScripts="never"
        fallback={null}
        loading={null}
        onInjected={[Function]}
        renumerateIRIElements={true}
        src="cart.svg"
        svgClassName={null}
        svgStyle={Object {}}
        wrapper="span"
      />
      <p
        className="cart-link-text"
      >
        Your cart is empty
      </p>
    </span>
  </div>,
  "nodes": Array [
    <div
      className="app-title-wrapper"
    >
      <h2
        className="app-title"
      >
        App Title
      </h2>
      <span
        className="cart-link"
        onClick={[Function]}
      >
        <ReactSVG
          className="cart-icon"
          evalScripts="never"
          fallback={null}
          loading={null}
          onInjected={[Function]}
          renumerateIRIElements={true}
          src="cart.svg"
          svgClassName={null}
          svgStyle={Object {}}
          wrapper="span"
        />
        <p
          className="cart-link-text"
        >
          Your cart is empty
        </p>
      </span>
    </div>,
  ],
  "options": Object {},
  "renderer": ReactShallowRenderer {
    "_instance": ShallowComponentWrapper {
      "_calledComponentWillUnmount": false,
      "_compositeType": 2,
      "_context": Object {},
      "_currentElement": <AppUpper
        itemCount={0}
        title="App Title"
        toggleModal={[MockFunction]}
        total={0}
      />,
      "_debugID": 11,
      "_hostContainerInfo": null,
      "_hostParent": null,
      "_instance": StatelessComponent {
        "_reactInternalInstance": [Circular],
        "context": Object {},
        "props": Object {
          "itemCount": 0,
          "title": "App Title",
          "toggleModal": [MockFunction],
          "total": 0,
        },
        "refs": Object {},
        "state": null,
        "updater": Object {
          "enqueueCallback": [Function],
          "enqueueCallbackInternal": [Function],
          "enqueueElementInternal": [Function],
          "enqueueForceUpdate": [Function],
          "enqueueReplaceState": [Function],
          "enqueueSetState": [Function],
          "isMounted": [Function],
          "validateCallback": [Function],
        },
      },
      "_mountOrder": 6,
      "_pendingCallbacks": null,
      "_pendingElement": null,
      "_pendingForceUpdate": false,
      "_pendingReplaceState": false,
      "_pendingStateQueue": null,
      "_renderedComponent": NoopInternalComponent {
        "_currentElement": <div
          className="app-title-wrapper"
        >
          <h2
            className="app-title"
          >
            App Title
          </h2>
          <span
            className="cart-link"
            onClick={[Function]}
          >
            <ReactSVG
              className="cart-icon"
              evalScripts="never"
              fallback={null}
              loading={null}
              onInjected={[Function]}
              renumerateIRIElements={true}
              src="cart.svg"
              svgClassName={null}
              svgStyle={Object {}}
              wrapper="span"
            />
            <p
              className="cart-link-text"
            >
              Your cart is empty
            </p>
          </span>
        </div>,
        "_debugID": 12,
        "_renderedOutput": <div
          className="app-title-wrapper"
        >
          <h2
            className="app-title"
          >
            App Title
          </h2>
          <span
            className="cart-link"
            onClick={[Function]}
          >
            <ReactSVG
              className="cart-icon"
              evalScripts="never"
              fallback={null}
              loading={null}
              onInjected={[Function]}
              renumerateIRIElements={true}
              src="cart.svg"
              svgClassName={null}
              svgStyle={Object {}}
              wrapper="span"
            />
            <p
              className="cart-link-text"
            >
              Your cart is empty
            </p>
          </span>
        </div>,
      },
      "_renderedNodeType": 0,
      "_rootNodeID": 0,
      "_topLevelWrapper": null,
      "_updateBatchNumber": null,
      "_warnedAboutRefsInRender": false,
    },
    "getRenderOutput": [Function],
    "render": [Function],
  },
  "root": [Circular],
  "unrendered": <AppUpper
    itemCount={0}
    title="App Title"
    toggleModal={[MockFunction]}
    total={0}
  />,
}
`;
