// Jest Snapshot v1, https://goo.gl/fbAQLP

exports[`Cart Checkout component should match snapshot 1`] = `
ShallowWrapper {
  "complexSelector": ComplexSelector {
    "buildPredicate": [Function],
    "childrenOfNode": [Function],
    "findWhereUnwrapped": [Function],
  },
  "length": 1,
  "node": <div
    className="checkout-wrapper"
  >
    <hr
      className="divider"
    />
    <div
      className="checkout-row"
    >
      <p
        className="checkout-row-title"
      >
        Subtotal
      </p>
      <p
        className="checkout-row-price checkout-subtotal"
      >
        $
        $500.01
      </p>
    </div>
    <div
      className="checkout-row"
    >
      <p
        className="checkout-row-title"
      >
        Tax
      </p>
      <p
        className="checkout-row-price checkout-tax"
      >
        $
        NaN
      </p>
    </div>
    <hr
      className="divider"
    />
    <div
      className="checkout-row"
    >
      <p
        className="checkout-row-title"
      >
        Total
      </p>
      <p
        className="checkout-row-price checkout-total"
      >
        $
        NaN
      </p>
    </div>
    <div
      className="checkout-row checkout-row-final"
    >
      <button
        className="checkout-button"
        onClick={[MockFunction]}
      >
        CHECKOUT
      </button>
    </div>
  </div>,
  "nodes": Array [
    <div
      className="checkout-wrapper"
    >
      <hr
        className="divider"
      />
      <div
        className="checkout-row"
      >
        <p
          className="checkout-row-title"
        >
          Subtotal
        </p>
        <p
          className="checkout-row-price checkout-subtotal"
        >
          $
          $500.01
        </p>
      </div>
      <div
        className="checkout-row"
      >
        <p
          className="checkout-row-title"
        >
          Tax
        </p>
        <p
          className="checkout-row-price checkout-tax"
        >
          $
          NaN
        </p>
      </div>
      <hr
        className="divider"
      />
      <div
        className="checkout-row"
      >
        <p
          className="checkout-row-title"
        >
          Total
        </p>
        <p
          className="checkout-row-price checkout-total"
        >
          $
          NaN
        </p>
      </div>
      <div
        className="checkout-row checkout-row-final"
      >
        <button
          className="checkout-button"
          onClick={[MockFunction]}
        >
          CHECKOUT
        </button>
      </div>
    </div>,
  ],
  "options": Object {},
  "renderer": ReactShallowRenderer {
    "_instance": ShallowComponentWrapper {
      "_calledComponentWillUnmount": false,
      "_compositeType": 0,
      "_context": Object {},
      "_currentElement": <CartCheckout
        onCheckoutClicked={[MockFunction]}
        total="$500.01"
      />,
      "_debugID": 3,
      "_hostContainerInfo": null,
      "_hostParent": null,
      "_instance": CartCheckout {
        "_reactInternalInstance": [Circular],
        "context": Object {},
        "props": Object {
          "onCheckoutClicked": [MockFunction],
          "total": "$500.01",
        },
        "refs": Object {},
        "state": null,
        "totals": Object {
          "subtotal": "$500.01",
          "tax": "NaN",
          "total": "NaN",
        },
        "updater": Object {
          "enqueueCallback": [Function],
          "enqueueCallbackInternal": [Function],
          "enqueueElementInternal": [Function],
          "enqueueForceUpdate": [Function],
          "enqueueReplaceState": [Function],
          "enqueueSetState": [Function],
          "isMounted": [Function],
          "validateCallback": [Function],
        },
      },
      "_mountOrder": 2,
      "_pendingCallbacks": null,
      "_pendingElement": null,
      "_pendingForceUpdate": false,
      "_pendingReplaceState": false,
      "_pendingStateQueue": null,
      "_renderedComponent": NoopInternalComponent {
        "_currentElement": <div
          className="checkout-wrapper"
        >
          <hr
            className="divider"
          />
          <div
            className="checkout-row"
          >
            <p
              className="checkout-row-title"
            >
              Subtotal
            </p>
            <p
              className="checkout-row-price checkout-subtotal"
            >
              $
              $500.01
            </p>
          </div>
          <div
            className="checkout-row"
          >
            <p
              className="checkout-row-title"
            >
              Tax
            </p>
            <p
              className="checkout-row-price checkout-tax"
            >
              $
              NaN
            </p>
          </div>
          <hr
            className="divider"
          />
          <div
            className="checkout-row"
          >
            <p
              className="checkout-row-title"
            >
              Total
            </p>
            <p
              className="checkout-row-price checkout-total"
            >
              $
              NaN
            </p>
          </div>
          <div
            className="checkout-row checkout-row-final"
          >
            <button
              className="checkout-button"
              onClick={[MockFunction]}
            >
              CHECKOUT
            </button>
          </div>
        </div>,
        "_debugID": 4,
        "_renderedOutput": <div
          className="checkout-wrapper"
        >
          <hr
            className="divider"
          />
          <div
            className="checkout-row"
          >
            <p
              className="checkout-row-title"
            >
              Subtotal
            </p>
            <p
              className="checkout-row-price checkout-subtotal"
            >
              $
              $500.01
            </p>
          </div>
          <div
            className="checkout-row"
          >
            <p
              className="checkout-row-title"
            >
              Tax
            </p>
            <p
              className="checkout-row-price checkout-tax"
            >
              $
              NaN
            </p>
          </div>
          <hr
            className="divider"
          />
          <div
            className="checkout-row"
          >
            <p
              className="checkout-row-title"
            >
              Total
            </p>
            <p
              className="checkout-row-price checkout-total"
            >
              $
              NaN
            </p>
          </div>
          <div
            className="checkout-row checkout-row-final"
          >
            <button
              className="checkout-button"
              onClick={[MockFunction]}
            >
              CHECKOUT
            </button>
          </div>
        </div>,
      },
      "_renderedNodeType": 0,
      "_rootNodeID": 0,
      "_topLevelWrapper": null,
      "_updateBatchNumber": null,
      "_warnedAboutRefsInRender": false,
    },
    "getRenderOutput": [Function],
    "render": [Function],
  },
  "root": [Circular],
  "unrendered": <CartCheckout
    onCheckoutClicked={[MockFunction]}
    total="$500.01"
  />,
}
`;
